{
  "o": {
    "menu": {
      "id": "file",
      "value": "File",
      "popup": {
        "menuitem": [],
        "menuitem.0": {},
        "menuitem[0]": {
          "value": "New",
          "onclick": "CreateNewDoc()"
        },
        "menuitem.1": {},
        "menuitem[1]": {
          "value": "Open",
          "onclick": "OpenDoc()"
        },
        "menuitem.2": {},
        "menuitem[2]": {
          "value": "Close",
          "onclick": "CloseDoc()"
        }
      }
    }
  }
}
