3       5       20 test/wc.mult.in
2       7       33 test/wc.mult2.in
5       12      53 total